// Jest Snapshot v1, https://goo.gl/fbAQLP

exports[`Tests in Sidebar should show correctly 1`] = `
<aside
  className="journal__sidebar pt-3 "
>
  <div
    className="journal__sidebar-navbar animate__animated animate__fadeInLeft"
  >
    <h3
      className="fw-lighter"
    >
      <i
        className="bi bi-moon-fill"
      />
      <span>
         
        Jaco
      </span>
    </h3>
    <button
      className="btn btn-outline-light"
      onClick={[Function]}
    >
      Logout
    </button>
  </div>
  <div
    className="journal__new-entry animate__animated animate__fadeInLeft"
    onClick={[Function]}
  >
    <i
      className="bi bi-calendar-plus"
    />
    <p>
      New entry
    </p>
  </div>
  <div
    className="Journal__entries mt-2 "
  />
</aside>
`;
