// Jest Snapshot v1, https://goo.gl/fbAQLP

exports[`Test in <NoteScreen /> should show snapshot 1`] = `
<div
  className="notes__main-content animate__animated animate__fadeIn animate__faster"
>
  <div
    className="notes__appbar pt-3"
  >
    <span>
      Dec 31st 1969
    </span>
    <input
      id="fileSelector"
      name="file"
      onChange={[Function]}
      style={
        Object {
          "display": "none",
        }
      }
      type="file"
    />
    <div
      className="notes__appbar--buttons"
    >
      <button
        className="btn btn-outline-light me-1"
        onClick={[Function]}
      >
        Picture
      </button>
      <button
        className="btn btn-outline-light ms-1"
        onClick={[Function]}
      >
        Save
      </button>
    </div>
  </div>
  <div
    className="notes__content"
  >
    <input
      autoComplete="off"
      className="notes__title--input"
      name="title"
      onChange={[Function]}
      placeholder="Some awesome title"
      type="text"
      value="Hola"
    />
    <textarea
      autoComplete="off"
      className="notes__title--textarea"
      name="body"
      onChange={[Function]}
      placeholder="What happened today"
      value="mundo"
    />
  </div>
  <button
    className=" btn btn-danger"
    onClick={[Function]}
    style={
      Object {
        "borderRadius": "0",
        "fontWeight": "bold",
      }
    }
  >
    Delete
  </button>
</div>
`;
